
User@DESKTOP-58PH2EF MINGW64 /d/study devops/1.4
$ vagrant init centos/7
A `Vagrantfile` has been placed in this directory. You are now
ready to `vagrant up` your first virtual environment! Please read
the comments in the Vagrantfile as well as documentation on
`vagrantup.com` for more information on using Vagrant.

User@DESKTOP-58PH2EF MINGW64 /d/study devops/1.4
$ vagrant up
Bringing machine 'default' up with 'virtualbox' provider...
==> default: Box 'centos/7' could not be found. Attempting to find and install.
    default: Box Provider: virtualbox
    default: Box Version: >= 0
==> default: Loading metadata for box 'centos/7'
    default: URL: https://vagrantcloud.com/centos/7
==> default: Adding box 'centos/7' (v2004.01) for provider: virtualbox
    default: Downloading: https://vagrantcloud.com/centos/boxes/7/versions/20001/providers/virtualbox.box

Download redirected to host: cloud.centos.org
    default:
    default: Calculating and comparing box checksum...
==> default: Successfully added box 'centos/7' (v2004.01) for 'virtualbox'!
==> default: Importing base box 'centos/7'...
==> default: Matching MAC address for NAT networking...
==> default: Checking if box 'centos/7' version '2004.01' is up to date...
==> default: Setting the name of the VM: 14_default_1691956095740_86648
==> default: Clearing any previously set network interfaces...
==> default: Preparing network interfaces based on configuration...
    default: Adapter 1: nat
==> default: Forwarding ports...
    default: 22 (guest) => 2222 (host) (adapter 1)
==> default: Booting VM...
==> default: Waiting for machine to boot. This may take a few minutes...
    default: SSH address: 127.0.0.1:2222
    default: SSH username: vagrant
    default: SSH auth method: private key
    default:
    default: Vagrant insecure key detected. Vagrant will automatically replace
    default: this with a newly generated keypair for better security.
    default:
    default: Inserting generated public key within guest...
    default: Removing insecure key from the guest if it's present...
    default: Key inserted! Disconnecting and reconnecting using new SSH key...
==> default: Machine booted and ready!
==> default: Checking for guest additions in VM...
    default: No guest additions were detected on the base box for this VM! Gue
    default: additions are required for forwarded ports, shared folders, host ly
    default: networking, and more. If SSH fails on this machine, please instal
    default: the guest additions and repackage the box to continue.
    default:
    default: This is not an error message; everything may continue to work prorly,
    default: in which case you may ignore this message.
==> default: Rsyncing folder: /cygdrive/d/study devops/1.4/ => /vagrant

User@DESKTOP-58PH2EF MINGW64 /d/study devops/1.4
$ vagrant ssh
^[[C^[[A^[[D^[[B^[[C^[[
[vagrant@localhost ~]$
[vagrant@localhost ~]$ :wq
-bash: :wq: command not found
[vagrant@localhost ~]$ vagrant status
-bash: vagrant: command not found
[vagrant@localhost ~]$ exit
logout

User@DESKTOP-58PH2EF MINGW64 /d/study devops/1.4
$ vagrant status
Current machine states:

default                   running (virtualbox)

The VM is running. To stop this VM, you can run `vagrant halt` to
shut it down forcefully, or you can run `vagrant suspend` to simply
suspend the virtual machine. In either case, to restart it again,
simply run `vagrant up`.

User@DESKTOP-58PH2EF MINGW64 /d/study devops/1.4
$ rpm -q epel-release
bash: rpm: command not found

User@DESKTOP-58PH2EF MINGW64 /d/study devops/1.4
$ vagrant halt
==> default: Attempting graceful shutdown of VM...

User@DESKTOP-58PH2EF MINGW64 /d/study devops/1.4
$ vagrant up
Bringing machine 'default' up with 'virtualbox' provider...
==> default: Checking if box 'centos/7' version '2004.01' is up to date...
==> default: Clearing any previously set forwarded ports...
==> default: Clearing any previously set network interfaces...
==> default: Preparing network interfaces based on configuration...
    default: Adapter 1: nat
==> default: Forwarding ports...
    default: 22 (guest) => 2222 (host) (adapter 1)
==> default: Booting VM...
==> default: Waiting for machine to boot. This may take a few minutes...
    default: SSH address: 127.0.0.1:2222
    default: SSH username: vagrant
    default: SSH auth method: private key
==> default: Machine booted and ready!
==> default: Checking for guest additions in VM...
    default: No guest additions were detected on the base box for this VM! Guest
    default: additions are required for forwarded ports, shared folders, host only
    default: networking, and more. If SSH fails on this machine, please install
    default: the guest additions and repackage the box to continue.
    default:
    default: This is not an error message; everything may continue to work properly,
    default: in which case you may ignore this message.
==> default: Rsyncing folder: /cygdrive/d/study devops/1.4/ => /vagrant
==> default: Machine already provisioned. Run `vagrant provision` or use the `--provision`
==> default: flag to force provisioning. Provisioners marked to run always will still run.

User@DESKTOP-58PH2EF MINGW64 /d/study devops/1.4
$ rpm -q epel-release
bash: rpm: command not found

User@DESKTOP-58PH2EF MINGW64 /d/study devops/1.4
$ sudo yum install rpm
bash: sudo: command not found

User@DESKTOP-58PH2EF MINGW64 /d/study devops/1.4
$ sudo yum list installed epel-release
bash: sudo: command not found

User@DESKTOP-58PH2EF MINGW64 /d/study devops/1.4
$ vagrant ssh
Last login: Sun Aug 13 19:52:39 2023 from 10.0.2.2
[vagrant@localhost ~]$ sudo yum install epel-release
Loaded plugins: fastestmirror
Determining fastest mirrors
 * base: centos1.hti.pl
 * extras: centos1.hti.pl
 * updates: centos1.hti.pl
base                                           | 3.6 kB     00:00
extras                                         | 2.9 kB     00:00
updates                                        | 2.9 kB     00:00
(1/4): base/7/x86_64/group_gz                    | 153 kB   00:00
(2/4): base/7/x86_64/primary_db                  | 6.1 MB   00:02
(3/4): extras/7/x86_64/primary_db                | 250 kB   00:05
(4/4): updates/7/x86_64/primary_db               |  22 MB   00:06
Resolving Dependencies
--> Running transaction check
---> Package epel-release.noarch 0:7-11 will be installed
--> Finished Dependency Resolution

Dependencies Resolved

======================================================================
 Package             Arch          Version        Repository     Size
======================================================================
Installing:
 epel-release        noarch        7-11           extras         15 k

Transaction Summary
======================================================================
Install  1 Package

Total download size: 15 k
Installed size: 24 k
Is this ok [y/d/N]: y
Downloading packages:
warning: /var/cache/yum/x86_64/7/extras/packages/epel-release-7-11.noarch.rpm: Header V3 RSA/SHA256 Signature, key ID f4a80eb5: NOKEY
Public key for epel-release-7-11.noarch.rpm is not installed
epel-release-7-11.noarch.rpm                     |  15 kB   00:00
Retrieving key from file:///etc/pki/rpm-gpg/RPM-GPG-KEY-CentOS-7
Importing GPG key 0xF4A80EB5:
 Userid     : "CentOS-7 Key (CentOS 7 Official Signing Key) <security@centos.org>"
 Fingerprint: 6341 ab27 53d7 8a78 a7c2 7bb1 24c6 a8a7 f4a8 0eb5
 Package    : centos-release-7-8.2003.0.el7.centos.x86_64 (@anaconda)
 From       : /etc/pki/rpm-gpg/RPM-GPG-KEY-CentOS-7
Is this ok [y/N]: y
Running transaction check
Running transaction test
Transaction test succeeded
Running transaction
  Installing : epel-release-7-11.noarch                           1/1
  Verifying  : epel-release-7-11.noarch                           1/1

Installed:
  epel-release.noarch 0:7-11

Complete!
[vagrant@localhost ~]$ rpm -q epel-release
epel-release-7-11.noarch
[vagrant@localhost ~]$ git --version
-bash: git: command not found
[vagrant@localhost ~]$ exit
logout

User@DESKTOP-58PH2EF MINGW64 /d/study devops/1.4
$ git --version
git version 2.41.0.windows.3

User@DESKTOP-58PH2EF MINGW64 /d/study devops/1.4
$ ms --version
bash: ms: command not found

User@DESKTOP-58PH2EF MINGW64 /d/study devops/1.4
$ mc --version
bash: mc: command not found

User@DESKTOP-58PH2EF MINGW64 /d/study devops/1.4
$ htop --version
bash: htop: command not found

User@DESKTOP-58PH2EF MINGW64 /d/study devops/1.4
$ corl --version
bash: corl: command not found

User@DESKTOP-58PH2EF MINGW64 /d/study devops/1.4
$ curl --version
curl 8.1.2 (x86_64-w64-mingw32) libcurl/8.1.2 Schannel zlib/1.2.13 brotli/1.0.9 zstd/1.5.5 libidn2/2.3.4 libpsl/0.21.2 (+libidn2/2.3.3) libssh2/1.11.0
Release-Date: 2023-05-30
Protocols: dict file ftp ftps gopher gophers http https imap imaps ldap ldaps mqtt pop3 pop3s rtsp scp sftp smb smbs smtp smtps telnet tftp
Features: alt-svc AsynchDNS brotli HSTS HTTPS-proxy IDN IPv6 Kerberos Largefile libz NTLM PSL SPNEGO SSL SSPI threadsafe UnixSockets zstd

User@DESKTOP-58PH2EF MINGW64 /d/study devops/1.4
$ wget --version
bash: wget: command not found

User@DESKTOP-58PH2EF MINGW64 /d/study devops/1.4
$ ansible --version
bash: ansible: command not found

User@DESKTOP-58PH2EF MINGW64 /d/study devops/1.4
$ ncdu --version
bash: ncdu: command not found

User@DESKTOP-58PH2EF MINGW64 /d/study devops/1.4
$ httpd --version
bash: httpd: command not found

User@DESKTOP-58PH2EF MINGW64 /d/study devops/1.4
$ sudo apt update
bash: sudo: command not found

User@DESKTOP-58PH2EF MINGW64 /d/study devops/1.4
$ sudo upt install mc
bash: sudo: command not found

User@DESKTOP-58PH2EF MINGW64 /d/study devops/1.4
$ sudo yum install mc
bash: sudo: command not found

User@DESKTOP-58PH2EF MINGW64 /d/study devops/1.4
$ vagrant ssh
Last login: Sun Aug 13 20:10:14 2023 from 10.0.2.2
\[vagrant@localhost ~]$ \sudo yum install mc
Loaded plugins: fastestmirror
Loading mirror speeds from cached hostfile
epel/x86_64/metalink                           |  20 kB     00:00
 * base: centos1.hti.pl
 * epel: mirrors.nav.ro
 * extras: centos1.hti.pl
 * updates: centos1.hti.pl
epel                                           | 4.7 kB     00:00
(1/3): epel/x86_64/group_gz                      |  99 kB   00:00
(2/3): epel/x86_64/updateinfo                    | 1.0 MB   00:01
(3/3): epel/x86_64/primary_db                    | 7.0 MB   00:01
Resolving Dependencies
--> Running transaction check
---> Package mc.x86_64 1:4.8.7-11.el7 will be installed
--> Processing Dependency: perl(strict) for package: 1:mc-4.8.7-11.el7.x86_64
--> Processing Dependency: perl(bytes) for package: 1:mc-4.8.7-11.el7.x86_64
--> Processing Dependency: perl(POSIX) for package: 1:mc-4.8.7-11.el7.x86_64
--> Processing Dependency: perl(File::Temp) for package: 1:mc-4.8.7-11.el7.x86_64
--> Processing Dependency: perl(File::Basename) for package: 1:mc-4.8.7-11.el7.x86_64
--> Processing Dependency: /usr/bin/perl for package: 1:mc-4.8.7-11.el7.x86_64
--> Processing Dependency: libgpm.so.2()(64bit) for package: 1:mc-4.8.7-11.el7.x86_64
--> Running transaction check
---> Package gpm-libs.x86_64 0:1.20.7-6.el7 will be installed
---> Package perl.x86_64 4:5.16.3-299.el7_9 will be installed
--> Processing Dependency: perl-libs = 4:5.16.3-299.el7_9 for package: 4:perl-5.16.3-299.el7_9.x86_64
--> Processing Dependency: perl(Socket) >= 1.3 for package: 4:perl-5.16.3-299.el7_9.x86_64
--> Processing Dependency: perl(Scalar::Util) >= 1.10 for package: 4:perl-5.16.3-299.el7_9.x86_64
--> Processing Dependency: perl-macros for package: 4:perl-5.16.3-299.el7_9.x86_64
--> Processing Dependency: perl-libs for package: 4:perl-5.16.3-299.el7_9.x86_64
--> Processing Dependency: perl(threads::shared) for package: 4:perl-5.16.3-299.el7_9.x86_64
--> Processing Dependency: perl(threads) for package: 4:perl-5.16.3-299.el7_9.x86_64
--> Processing Dependency: perl(constant) for package: 4:perl-5.16.3-299.el7_9.x86_64
--> Processing Dependency: perl(Time::Local) for package: 4:perl-5.16.3-299.el7_9.x86_64
--> Processing Dependency: perl(Time::HiRes) for package: 4:perl-5.16.3-299.el7_9.x86_64
--> Processing Dependency: perl(Storable) for package: 4:perl-5.16.3-299.el7_9.x86_64
--> Processing Dependency: perl(Socket) for package: 4:perl-5.16.3-299.el7_9.x86_64
--> Processing Dependency: perl(Scalar::Util) for package: 4:perl-5.16.3-299.el7_9.x86_64
--> Processing Dependency: perl(Pod::Simple::XHTML) for package: 4:perl-5.16.3-299.el7_9.x86_64
--> Processing Dependency: perl(Pod::Simple::Search) for package: 4:perl-5.16.3-299.el7_9.x86_64
--> Processing Dependency: perl(Getopt::Long) for package: 4:perl-5.16.3-299.el7_9.x86_64
--> Processing Dependency: perl(Filter::Util::Call) for package: 4:perl-5.16.3-299.el7_9.x86_64
--> Processing Dependency: perl(File::Spec::Unix) for package: 4:perl-5.16.3-299.el7_9.x86_64
--> Processing Dependency: perl(File::Spec::Functions) for package: 4:perl-5.16.3-299.el7_9.x86_64
--> Processing Dependency: perl(File::Spec) for package: 4:perl-5.16.3-299.el7_9.x86_64
--> Processing Dependency: perl(File::Path) for package: 4:perl-5.16.3-299.el7_9.x86_64
--> Processing Dependency: perl(Exporter) for package: 4:perl-5.16.3-299.el7_9.x86_64
--> Processing Dependency: perl(Cwd) for package: 4:perl-5.16.3-299.el7_9.x86_64
--> Processing Dependency: perl(Carp) for package: 4:perl-5.16.3-299.el7_9.x86_64
--> Processing Dependency: libperl.so()(64bit) for package: 4:perl-5.16.3-299.el7_9.x86_64
---> Package perl-File-Temp.noarch 0:0.23.01-3.el7 will be installed
--> Running transaction check
---> Package perl-Carp.noarch 0:1.26-244.el7 will be installed
---> Package perl-Exporter.noarch 0:5.68-3.el7 will be installed
---> Package perl-File-Path.noarch 0:2.09-2.el7 will be installed
---> Package perl-Filter.x86_64 0:1.49-3.el7 will be installed
---> Package perl-Getopt-Long.noarch 0:2.40-3.el7 will be installed
--> Processing Dependency: perl(Pod::Usage) >= 1.14 for package: perl-Getopt-Long-2.40-3.el7.noarch
--> Processing Dependency: perl(Text::ParseWords) for package: perl-Getopt-Long-2.40-3.el7.noarch
---> Package perl-PathTools.x86_64 0:3.40-5.el7 will be installed
---> Package perl-Pod-Simple.noarch 1:3.28-4.el7 will be installed
--> Processing Dependency: perl(Pod::Escapes) >= 1.04 for package: 1:perl-Pod-Simple-3.28-4.el7.noarch
--> Processing Dependency: perl(Encode) for package: 1:perl-Pod-Simple-3.28-4.el7.noarch
---> Package perl-Scalar-List-Utils.x86_64 0:1.27-248.el7 will be installed
---> Package perl-Socket.x86_64 0:2.010-5.el7 will be installed
---> Package perl-Storable.x86_64 0:2.45-3.el7 will be installed
---> Package perl-Time-HiRes.x86_64 4:1.9725-3.el7 will be installed
---> Package perl-Time-Local.noarch 0:1.2300-2.el7 will be installed
---> Package perl-constant.noarch 0:1.27-2.el7 will be installed
---> Package perl-libs.x86_64 4:5.16.3-299.el7_9 will be installed
---> Package perl-macros.x86_64 4:5.16.3-299.el7_9 will be installed
---> Package perl-threads.x86_64 0:1.87-4.el7 will be installed
---> Package perl-threads-shared.x86_64 0:1.43-6.el7 will be installed
--> Running transaction check
---> Package perl-Encode.x86_64 0:2.51-7.el7 will be installed
---> Package perl-Pod-Escapes.noarch 1:1.04-299.el7_9 will be installed
---> Package perl-Pod-Usage.noarch 0:1.63-3.el7 will be installed
--> Processing Dependency: perl(Pod::Text) >= 3.15 for package: perl-Pod-Usage-1.63-3.el7.noarch
--> Processing Dependency: perl-Pod-Perldoc for package: perl-Pod-Usage-1.63-3.el7.noarch
---> Package perl-Text-ParseWords.noarch 0:3.29-4.el7 will be installed
--> Running transaction check
---> Package perl-Pod-Perldoc.noarch 0:3.20-4.el7 will be installed
--> Processing Dependency: perl(parent) for package: perl-Pod-Perldoc-3.20-4.el7.noarch
--> Processing Dependency: perl(HTTP::Tiny) for package: perl-Pod-Perldoc-3.20-4.el7.noarch
---> Package perl-podlators.noarch 0:2.5.1-3.el7 will be installed
--> Running transaction check
---> Package perl-HTTP-Tiny.noarch 0:0.033-3.el7 will be installed
---> Package perl-parent.noarch 1:0.225-244.el7 will be installed
--> Finished Dependency Resolution

Dependencies Resolved

======================================================================
 Package                 Arch    Version               Repository
                                                                 Size
======================================================================
Installing:
 mc                      x86_64  1:4.8.7-11.el7        base     1.7 M
Installing for dependencies:
 gpm-libs                x86_64  1.20.7-6.el7          base      32 k
 perl                    x86_64  4:5.16.3-299.el7_9    updates  8.0 M
 perl-Carp               noarch  1.26-244.el7          base      19 k
 perl-Encode             x86_64  2.51-7.el7            base     1.5 M
 perl-Exporter           noarch  5.68-3.el7            base      28 k
 perl-File-Path          noarch  2.09-2.el7            base      26 k
 perl-File-Temp          noarch  0.23.01-3.el7         base      56 k
 perl-Filter             x86_64  1.49-3.el7            base      76 k
 perl-Getopt-Long        noarch  2.40-3.el7            base      56 k
 perl-HTTP-Tiny          noarch  0.033-3.el7           base      38 k
 perl-PathTools          x86_64  3.40-5.el7            base      82 k
 perl-Pod-Escapes        noarch  1:1.04-299.el7_9      updates   52 k
 perl-Pod-Perldoc        noarch  3.20-4.el7            base      87 k
 perl-Pod-Simple         noarch  1:3.28-4.el7          base     216 k
 perl-Pod-Usage          noarch  1.63-3.el7            base      27 k
 perl-Scalar-List-Utils  x86_64  1.27-248.el7          base      36 k
 perl-Socket             x86_64  2.010-5.el7           base      49 k
 perl-Storable           x86_64  2.45-3.el7            base      77 k
 perl-Text-ParseWords    noarch  3.29-4.el7            base      14 k
 perl-Time-HiRes         x86_64  4:1.9725-3.el7        base      45 k
 perl-Time-Local         noarch  1.2300-2.el7          base      24 k
 perl-constant           noarch  1.27-2.el7            base      19 k
 perl-libs               x86_64  4:5.16.3-299.el7_9    updates  690 k
 perl-macros             x86_64  4:5.16.3-299.el7_9    updates   44 k
 perl-parent             noarch  1:0.225-244.el7       base      12 k
 perl-podlators          noarch  2.5.1-3.el7           base     112 k
 perl-threads            x86_64  1.87-4.el7            base      49 k
 perl-threads-shared     x86_64  1.43-6.el7            base      39 k

Transaction Summary
======================================================================
Install  1 Package (+28 Dependent packages)

Total download size: 13 M
Installed size: 42 M
Is this ok [y/d/N]: y
Downloading packages:
(1/29): perl-Carp-1.26-244.el7.noarch.rpm        |  19 kB   00:00
(2/29): perl-Exporter-5.68-3.el7.noarch.rpm      |  28 kB   00:00
(3/29): perl-File-Path-2.09-2.el7.noarch.rpm     |  26 kB   00:00
(4/29): perl-File-Temp-0.23.01-3.el7.noarch.rpm  |  56 kB   00:00
(5/29): perl-Filter-1.49-3.el7.x86_64.rpm        |  76 kB   00:00
(6/29): perl-Encode-2.51-7.el7.x86_64.rpm        | 1.5 MB   00:01
(7/29): perl-Getopt-Long-2.40-3.el7.noarch.rpm   |  56 kB   00:00
(8/29): perl-HTTP-Tiny-0.033-3.el7.noarch.rpm    |  38 kB   00:00
(9/29): perl-PathTools-3.40-5.el7.x86_64.rpm     |  82 kB   00:00
(10/29): perl-Pod-Escapes-1.04-299.el7_9.noarch. |  52 kB   00:00
(11/29): perl-Pod-Perldoc-3.20-4.el7.noarch.rpm  |  87 kB   00:00
(12/29): perl-Pod-Usage-1.63-3.el7.noarch.rpm    |  27 kB   00:00
(13/29): perl-Pod-Simple-3.28-4.el7.noarch.rpm   | 216 kB   00:00
(14/29): perl-Scalar-List-Utils-1.27-248.el7.x86 |  36 kB   00:00
(15/29): perl-Socket-2.010-5.el7.x86_64.rpm      |  49 kB   00:00
(16/29): perl-Text-ParseWords-3.29-4.el7.noarch. |  14 kB   00:00
(17/29): perl-Storable-2.45-3.el7.x86_64.rpm     |  77 kB   00:00
(18/29): perl-Time-HiRes-1.9725-3.el7.x86_64.rpm |  45 kB   00:00
(19/29): perl-Time-Local-1.2300-2.el7.noarch.rpm |  24 kB   00:00
(20/29): perl-constant-1.27-2.el7.noarch.rpm     |  19 kB   00:00
(21/29): perl-macros-5.16.3-299.el7_9.x86_64.rpm |  44 kB   00:00
(22/29): perl-parent-0.225-244.el7.noarch.rpm    |  12 kB   00:00
(23/29): perl-podlators-2.5.1-3.el7.noarch.rpm   | 112 kB   00:00
(24/29): perl-threads-1.87-4.el7.x86_64.rpm      |  49 kB   00:00
(25/29): perl-libs-5.16.3-299.el7_9.x86_64.rpm   | 690 kB   00:00
(26/29): perl-threads-shared-1.43-6.el7.x86_64.r |  39 kB   00:00
(27/29): mc-4.8.7-11.el7.x86_64.rpm              | 1.7 MB   00:07
(28/29): perl-5.16.3-299.el7_9.x86_64.rpm        | 8.0 MB   00:08
(29/29): gpm-libs-1.20.7-6.el7.x86_64.rpm        |  32 kB   00:10
----------------------------------------------------------------------
Total                                    1.2 MB/s |  13 MB  00:11
Running transaction check
Running transaction test
Transaction test succeeded
Running transaction
  Installing : 1:perl-parent-0.225-244.el7.noarch                1/29
  Installing : perl-HTTP-Tiny-0.033-3.el7.noarch                 2/29
  Installing : perl-podlators-2.5.1-3.el7.noarch                 3/29
  Installing : perl-Pod-Perldoc-3.20-4.el7.noarch                4/29
  Installing : 1:perl-Pod-Escapes-1.04-299.el7_9.noarch          5/29
  Installing : perl-Encode-2.51-7.el7.x86_64                     6/29
  Installing : perl-Text-ParseWords-3.29-4.el7.noarch            7/29
  Installing : perl-Pod-Usage-1.63-3.el7.noarch                  8/29
  Installing : 4:perl-macros-5.16.3-299.el7_9.x86_64             9/29
  Installing : perl-Storable-2.45-3.el7.x86_64                  10/29
  Installing : perl-Exporter-5.68-3.el7.noarch                  11/29
  Installing : perl-constant-1.27-2.el7.noarch                  12/29
  Installing : perl-Socket-2.010-5.el7.x86_64                   13/29
  Installing : perl-Time-Local-1.2300-2.el7.noarch              14/29
  Installing : perl-Carp-1.26-244.el7.noarch                    15/29
  Installing : 4:perl-Time-HiRes-1.9725-3.el7.x86_64            16/29
  Installing : perl-PathTools-3.40-5.el7.x86_64                 17/29
  Installing : perl-Scalar-List-Utils-1.27-248.el7.x86_64       18/29
  Installing : 1:perl-Pod-Simple-3.28-4.el7.noarch              19/29
  Installing : perl-File-Temp-0.23.01-3.el7.noarch              20/29
  Installing : perl-File-Path-2.09-2.el7.noarch                 21/29
  Installing : perl-threads-shared-1.43-6.el7.x86_64            22/29
  Installing : perl-threads-1.87-4.el7.x86_64                   23/29
  Installing : perl-Filter-1.49-3.el7.x86_64                    24/29
  Installing : 4:perl-libs-5.16.3-299.el7_9.x86_64              25/29
  Installing : perl-Getopt-Long-2.40-3.el7.noarch               26/29
  Installing : 4:perl-5.16.3-299.el7_9.x86_64                   27/29
  Installing : gpm-libs-1.20.7-6.el7.x86_64                     28/29
  Installing : 1:mc-4.8.7-11.el7.x86_64                         29/29
  Verifying  : 1:mc-4.8.7-11.el7.x86_64                          1/29
  Verifying  : perl-HTTP-Tiny-0.033-3.el7.noarch                 2/29
  Verifying  : perl-threads-shared-1.43-6.el7.x86_64             3/29
  Verifying  : perl-Storable-2.45-3.el7.x86_64                   4/29
  Verifying  : perl-Exporter-5.68-3.el7.noarch                   5/29
  Verifying  : perl-constant-1.27-2.el7.noarch                   6/29
  Verifying  : perl-PathTools-3.40-5.el7.x86_64                  7/29
  Verifying  : 4:perl-macros-5.16.3-299.el7_9.x86_64             8/29
  Verifying  : 1:perl-parent-0.225-244.el7.noarch                9/29
  Verifying  : perl-Socket-2.010-5.el7.x86_64                   10/29
  Verifying  : perl-File-Temp-0.23.01-3.el7.noarch              11/29
  Verifying  : 1:perl-Pod-Simple-3.28-4.el7.noarch              12/29
  Verifying  : perl-Time-Local-1.2300-2.el7.noarch              13/29
  Verifying  : 1:perl-Pod-Escapes-1.04-299.el7_9.noarch         14/29
  Verifying  : perl-Carp-1.26-244.el7.noarch                    15/29
  Verifying  : 4:perl-Time-HiRes-1.9725-3.el7.x86_64            16/29
  Verifying  : perl-Scalar-List-Utils-1.27-248.el7.x86_64       17/29
  Verifying  : perl-Pod-Usage-1.63-3.el7.noarch                 18/29
  Verifying  : perl-Encode-2.51-7.el7.x86_64                    19/29
  Verifying  : perl-Pod-Perldoc-3.20-4.el7.noarch               20/29
  Verifying  : perl-podlators-2.5.1-3.el7.noarch                21/29
  Verifying  : 4:perl-5.16.3-299.el7_9.x86_64                   22/29
  Verifying  : perl-File-Path-2.09-2.el7.noarch                 23/29
  Verifying  : perl-threads-1.87-4.el7.x86_64                   24/29
  Verifying  : gpm-libs-1.20.7-6.el7.x86_64                     25/29
  Verifying  : perl-Filter-1.49-3.el7.x86_64                    26/29
  Verifying  : perl-Getopt-Long-2.40-3.el7.noarch               27/29
  Verifying  : perl-Text-ParseWords-3.29-4.el7.noarch           28/29
  Verifying  : 4:perl-libs-5.16.3-299.el7_9.x86_64              29/29

Installed:
  mc.x86_64 1:4.8.7-11.el7

Dependency Installed:
  gpm-libs.x86_64 0:1.20.7-6.el7
  perl.x86_64 4:5.16.3-299.el7_9
  perl-Carp.noarch 0:1.26-244.el7
  perl-Encode.x86_64 0:2.51-7.el7
  perl-Exporter.noarch 0:5.68-3.el7
  perl-File-Path.noarch 0:2.09-2.el7
  perl-File-Temp.noarch 0:0.23.01-3.el7
  perl-Filter.x86_64 0:1.49-3.el7
  perl-Getopt-Long.noarch 0:2.40-3.el7
  perl-HTTP-Tiny.noarch 0:0.033-3.el7
  perl-PathTools.x86_64 0:3.40-5.el7
  perl-Pod-Escapes.noarch 1:1.04-299.el7_9
  perl-Pod-Perldoc.noarch 0:3.20-4.el7
  perl-Pod-Simple.noarch 1:3.28-4.el7
  perl-Pod-Usage.noarch 0:1.63-3.el7
  perl-Scalar-List-Utils.x86_64 0:1.27-248.el7
  perl-Socket.x86_64 0:2.010-5.el7
  perl-Storable.x86_64 0:2.45-3.el7
  perl-Text-ParseWords.noarch 0:3.29-4.el7
  perl-Time-HiRes.x86_64 4:1.9725-3.el7
  perl-Time-Local.noarch 0:1.2300-2.el7
  perl-constant.noarch 0:1.27-2.el7
  perl-libs.x86_64 4:5.16.3-299.el7_9
  perl-macros.x86_64 4:5.16.3-299.el7_9
  perl-parent.noarch 1:0.225-244.el7
  perl-podlators.noarch 0:2.5.1-3.el7
  perl-threads.x86_64 0:1.87-4.el7
  perl-threads-shared.x86_64 0:1.43-6.el7

Complete!
[vagrant@localhost ~]$ \sudo yum install htop
Loaded plugins: fastestmirror
Loading mirror speeds from cached hostfile
 * base: centos1.hti.pl
 * epel: fastmirror.pp.ua
 * extras: centos1.hti.pl
 * updates: centos1.hti.pl
Resolving Dependencies
--> Running transaction check
---> Package htop.x86_64 0:2.2.0-3.el7 will be installed
--> Finished Dependency Resolution

Dependencies Resolved

======================================================================
 Package      Arch           Version               Repository    Size
======================================================================
Installing:
 htop         x86_64         2.2.0-3.el7           epel         103 k

Transaction Summary
======================================================================
Install  1 Package

Total download size: 103 k
Installed size: 218 k
Is this ok [y/d/N]: y
Downloading packages:
warning: /var/cache/yum/x86_64/7/epel/packages/htop-2.2.0-3.el7.x86_64.rpm: Header V3 RSA/SHA256 Signature, key ID 352c64e5: NOKEY
Public key for htop-2.2.0-3.el7.x86_64.rpm is not installed
htop-2.2.0-3.el7.x86_64.rpm                      | 103 kB   00:00
Retrieving key from file:///etc/pki/rpm-gpg/RPM-GPG-KEY-EPEL-7
Importing GPG key 0x352C64E5:
 Userid     : "Fedora EPEL (7) <epel@fedoraproject.org>"
 Fingerprint: 91e9 7d7c 4a5e 96f1 7f3e 888f 6a2f aea2 352c 64e5
 Package    : epel-release-7-11.noarch (@extras)
 From       : /etc/pki/rpm-gpg/RPM-GPG-KEY-EPEL-7
Is this ok [y/N]: y
Running transaction check
Running transaction test
Transaction test succeeded
Running transaction
  Installing : htop-2.2.0-3.el7.x86_64                            1/1
  Verifying  : htop-2.2.0-3.el7.x86_64                            1/1

Installed:
  htop.x86_64 0:2.2.0-3.el7

Complete!
[vagrant@localhost ~]$ \sudo yum install nano
Loaded plugins: fastestmirror
Loading mirror speeds from cached hostfile
 * base: centos1.hti.pl
 * epel: fastmirror.pp.ua
 * extras: centos1.hti.pl
 * updates: centos1.hti.pl
Resolving Dependencies
--> Running transaction check
---> Package nano.x86_64 0:2.3.1-10.el7 will be installed
--> Finished Dependency Resolution

Dependencies Resolved

======================================================================
 Package      Arch           Version               Repository    Size
======================================================================
Installing:
 nano         x86_64         2.3.1-10.el7          base         440 k

Transaction Summary
======================================================================
Install  1 Package

Total download size: 440 k
Installed size: 1.6 M
Is this ok [y/d/N]: y
Downloading packages:
nano-2.3.1-10.el7.x86_64.rpm                     | 440 kB   00:00
Running transaction check
Running transaction test
Transaction test succeeded
Running transaction
  Installing : nano-2.3.1-10.el7.x86_64                           1/1
  Verifying  : nano-2.3.1-10.el7.x86_64                           1/1

Installed:
  nano.x86_64 0:2.3.1-10.el7

Complete!
[vagrant@localhost ~]$ \sudo yum install wget
Loaded plugins: fastestmirror
Loading mirror speeds from cached hostfile
 * base: centos1.hti.pl
 * epel: fastmirror.pp.ua
 * extras: centos1.hti.pl
 * updates: centos1.hti.pl
Resolving Dependencies
--> Running transaction check
---> Package wget.x86_64 0:1.14-18.el7_6.1 will be installed
--> Finished Dependency Resolution

Dependencies Resolved

======================================================================
 Package     Arch          Version                  Repository   Size
======================================================================
Installing:
 wget        x86_64        1.14-18.el7_6.1          base        547 k

Transaction Summary
======================================================================
Install  1 Package

Total download size: 547 k
Installed size: 2.0 M
Is this ok [y/d/N]: y
Downloading packages:
wget-1.14-18.el7_6.1.x86_64.rpm                  | 547 kB   00:00
Running transaction check
Running transaction test
Transaction test succeeded
Running transaction
  Installing : wget-1.14-18.el7_6.1.x86_64                        1/1
  Verifying  : wget-1.14-18.el7_6.1.x86_64                        1/1

Installed:
  wget.x86_64 0:1.14-18.el7_6.1

Complete!
[vagrant@localhost ~]$ \sudo yum install ansible
Loaded plugins: fastestmirror
Loading mirror speeds from cached hostfile
 * base: centos1.hti.pl
 * epel: fastmirror.pp.ua
 * extras: centos1.hti.pl
 * updates: centos1.hti.pl
Resolving Dependencies
--> Running transaction check
---> Package ansible.noarch 0:2.9.27-1.el7 will be installed
--> Processing Dependency: PyYAML for package: ansible-2.9.27-1.el7.noarch
--> Processing Dependency: python-httplib2 for package: ansible-2.9.27-1.el7.noarch
--> Processing Dependency: python-jinja2 for package: ansible-2.9.27-1.el7.noarch
--> Processing Dependency: python-paramiko for package: ansible-2.9.27-1.el7.noarch
--> Processing Dependency: python-setuptools for package: ansible-2.9.27-1.el7.noarch
--> Processing Dependency: python-six for package: ansible-2.9.27-1.el7.noarch
--> Processing Dependency: python2-cryptography for package: ansible-2.9.27-1.el7.noarch
--> Processing Dependency: python2-jmespath for package: ansible-2.9.27-1.el7.noarch
--> Processing Dependency: sshpass for package: ansible-2.9.27-1.el7.noarch
--> Running transaction check
---> Package PyYAML.x86_64 0:3.10-11.el7 will be installed
--> Processing Dependency: libyaml-0.so.2()(64bit) for package: PyYAML-3.10-11.el7.x86_64
---> Package python-jinja2.noarch 0:2.7.2-4.el7 will be installed
--> Processing Dependency: python-babel >= 0.8 for package: python-jinja2-2.7.2-4.el7.noarch
--> Processing Dependency: python-markupsafe for package: python-jinja2-2.7.2-4.el7.noarch
---> Package python-paramiko.noarch 0:2.1.1-9.el7 will be installed
--> Processing Dependency: python2-pyasn1 for package: python-paramiko-2.1.1-9.el7.noarch
---> Package python-setuptools.noarch 0:0.9.8-7.el7 will be installed
--> Processing Dependency: python-backports-ssl_match_hostname for package: python-setuptools-0.9.8-7.el7.noarch
---> Package python-six.noarch 0:1.9.0-2.el7 will be installed
---> Package python2-cryptography.x86_64 0:1.7.2-2.el7 will be installed
--> Processing Dependency: python-idna >= 2.0 for package: python2-cryptography-1.7.2-2.el7.x86_64
--> Processing Dependency: python-cffi >= 1.4.1 for package: python2-cryptography-1.7.2-2.el7.x86_64
--> Processing Dependency: python-ipaddress for package: python2-cryptography-1.7.2-2.el7.x86_64
--> Processing Dependency: python-enum34 for package: python2-cryptography-1.7.2-2.el7.x86_64
---> Package python2-httplib2.noarch 0:0.18.1-3.el7 will be installed
---> Package python2-jmespath.noarch 0:0.9.4-2.el7 will be installed
---> Package sshpass.x86_64 0:1.06-2.el7 will be installed
--> Running transaction check
---> Package libyaml.x86_64 0:0.1.4-11.el7_0 will be installed
---> Package python-babel.noarch 0:0.9.6-8.el7 will be installed
---> Package python-backports-ssl_match_hostname.noarch 0:3.5.0.1-1.el7 will be installed
--> Processing Dependency: python-backports for package: python-backports-ssl_match_hostname-3.5.0.1-1.el7.noarch
---> Package python-cffi.x86_64 0:1.6.0-5.el7 will be installed
--> Processing Dependency: python-pycparser for package: python-cffi-1.6.0-5.el7.x86_64
---> Package python-enum34.noarch 0:1.0.4-1.el7 will be installed
---> Package python-idna.noarch 0:2.4-1.el7 will be installed
---> Package python-ipaddress.noarch 0:1.0.16-2.el7 will be installed
---> Package python-markupsafe.x86_64 0:0.11-10.el7 will be installed
---> Package python2-pyasn1.noarch 0:0.1.9-7.el7 will be installed
--> Running transaction check
---> Package python-backports.x86_64 0:1.0-8.el7 will be installed
---> Package python-pycparser.noarch 0:2.14-1.el7 will be installed
--> Processing Dependency: python-ply for package: python-pycparser-2.14-1.el7.noarch
--> Running transaction check
---> Package python-ply.noarch 0:3.4-11.el7 will be installed
--> Finished Dependency Resolution

Dependencies Resolved

======================================================================
 Package                           Arch   Version        Repository
                                                                 Size
======================================================================
Installing:
 ansible                           noarch 2.9.27-1.el7   epel    17 M
Installing for dependencies:
 PyYAML                            x86_64 3.10-11.el7    base   153 k
 libyaml                           x86_64 0.1.4-11.el7_0 base    55 k
 python-babel                      noarch 0.9.6-8.el7    base   1.4 M
 python-backports                  x86_64 1.0-8.el7      base   5.8 k
 python-backports-ssl_match_hostname
                                   noarch 3.5.0.1-1.el7  base    13 k
 python-cffi                       x86_64 1.6.0-5.el7    base   218 k
 python-enum34                     noarch 1.0.4-1.el7    base    52 k
 python-idna                       noarch 2.4-1.el7      base    94 k
 python-ipaddress                  noarch 1.0.16-2.el7   base    34 k
 python-jinja2                     noarch 2.7.2-4.el7    base   519 k
 python-markupsafe                 x86_64 0.11-10.el7    base    25 k
 python-paramiko                   noarch 2.1.1-9.el7    base   269 k
 python-ply                        noarch 3.4-11.el7     base   123 k
 python-pycparser                  noarch 2.14-1.el7     base   104 k
 python-setuptools                 noarch 0.9.8-7.el7    base   397 k
 python-six                        noarch 1.9.0-2.el7    base    29 k
 python2-cryptography              x86_64 1.7.2-2.el7    base   502 k
 python2-httplib2                  noarch 0.18.1-3.el7   epel   125 k
 python2-jmespath                  noarch 0.9.4-2.el7    epel    41 k
 python2-pyasn1                    noarch 0.1.9-7.el7    base   100 k
 sshpass                           x86_64 1.06-2.el7     extras  21 k

Transaction Summary
======================================================================
Install  1 Package (+21 Dependent packages)

Total download size: 21 M
Installed size: 122 M
Is this ok [y/d/N]: y
Downloading packages:
(1/22): python-backports-1.0-8.el7.x86_64.rpm    | 5.8 kB   00:00
(2/22): python-backports-ssl_match_hostname-3.5. |  13 kB   00:00
(3/22): PyYAML-3.10-11.el7.x86_64.rpm            | 153 kB   00:00
(4/22): python-enum34-1.0.4-1.el7.noarch.rpm     |  52 kB   00:00
(5/22): python-cffi-1.6.0-5.el7.x86_64.rpm       | 218 kB   00:00
(6/22): python-ipaddress-1.0.16-2.el7.noarch.rpm |  34 kB   00:00
(7/22): python-idna-2.4-1.el7.noarch.rpm         |  94 kB   00:00
(8/22): python-markupsafe-0.11-10.el7.x86_64.rpm |  25 kB   00:00
(9/22): python-paramiko-2.1.1-9.el7.noarch.rpm   | 269 kB   00:00
(10/22): python-jinja2-2.7.2-4.el7.noarch.rpm    | 519 kB   00:00
(11/22): python-babel-0.9.6-8.el7.noarch.rpm     | 1.4 MB   00:01
(12/22): python-ply-3.4-11.el7.noarch.rpm        | 123 kB   00:00
(13/22): python-pycparser-2.14-1.el7.noarch.rpm  | 104 kB   00:00
(14/22): python-six-1.9.0-2.el7.noarch.rpm       |  29 kB   00:00
(15/22): python-setuptools-0.9.8-7.el7.noarch.rp | 397 kB   00:00
(16/22): python2-cryptography-1.7.2-2.el7.x86_64 | 502 kB   00:00
(17/22): ansible-2.9.27-1.el7.noarch.rpm         |  17 MB   00:04
(18/22): python2-httplib2-0.18.1-3.el7.noarch.rp | 125 kB   00:00
(19/22): python2-jmespath-0.9.4-2.el7.noarch.rpm |  41 kB   00:00
(20/22): python2-pyasn1-0.1.9-7.el7.noarch.rpm   | 100 kB   00:00
(21/22): sshpass-1.06-2.el7.x86_64.rpm           |  21 kB   00:00
(22/22): libyaml-0.1.4-11.el7_0.x86_64.rpm       |  55 kB   00:05
----------------------------------------------------------------------
Total                                    3.4 MB/s |  21 MB  00:06
Running transaction check
Running transaction test
Transaction test succeeded
Running transaction
  Installing : python2-pyasn1-0.1.9-7.el7.noarch                 1/22
  Installing : python-ipaddress-1.0.16-2.el7.noarch              2/22
  Installing : python-six-1.9.0-2.el7.noarch                     3/22
  Installing : sshpass-1.06-2.el7.x86_64                         4/22
  Installing : libyaml-0.1.4-11.el7_0.x86_64                     5/22
  Installing : PyYAML-3.10-11.el7.x86_64                         6/22
  Installing : python-backports-1.0-8.el7.x86_64                 7/22
  Installing : python-backports-ssl_match_hostname-3.5.0.1-1.    8/22
  Installing : python-setuptools-0.9.8-7.el7.noarch              9/22
  Installing : python2-httplib2-0.18.1-3.el7.noarch             10/22
  Installing : python-babel-0.9.6-8.el7.noarch                  11/22
  Installing : python2-jmespath-0.9.4-2.el7.noarch              12/22
  Installing : python-ply-3.4-11.el7.noarch                     13/22
  Installing : python-pycparser-2.14-1.el7.noarch               14/22
  Installing : python-cffi-1.6.0-5.el7.x86_64                   15/22
  Installing : python-markupsafe-0.11-10.el7.x86_64             16/22
  Installing : python-jinja2-2.7.2-4.el7.noarch                 17/22
  Installing : python-idna-2.4-1.el7.noarch                     18/22
  Installing : python-enum34-1.0.4-1.el7.noarch                 19/22
  Installing : python2-cryptography-1.7.2-2.el7.x86_64          20/22
  Installing : python-paramiko-2.1.1-9.el7.noarch               21/22
  Installing : ansible-2.9.27-1.el7.noarch                      22/22
  Verifying  : python-backports-ssl_match_hostname-3.5.0.1-1.    1/22
  Verifying  : python-enum34-1.0.4-1.el7.noarch                  2/22
  Verifying  : python-setuptools-0.9.8-7.el7.noarch              3/22
  Verifying  : python-paramiko-2.1.1-9.el7.noarch                4/22
  Verifying  : python-jinja2-2.7.2-4.el7.noarch                  5/22
  Verifying  : python-six-1.9.0-2.el7.noarch                     6/22
  Verifying  : python-idna-2.4-1.el7.noarch                      7/22
  Verifying  : python-markupsafe-0.11-10.el7.x86_64              8/22
  Verifying  : python-ply-3.4-11.el7.noarch                      9/22
  Verifying  : ansible-2.9.27-1.el7.noarch                      10/22
  Verifying  : python2-jmespath-0.9.4-2.el7.noarch              11/22
  Verifying  : python-babel-0.9.6-8.el7.noarch                  12/22
  Verifying  : python2-httplib2-0.18.1-3.el7.noarch             13/22
  Verifying  : python-backports-1.0-8.el7.x86_64                14/22
  Verifying  : python-cffi-1.6.0-5.el7.x86_64                   15/22
  Verifying  : python-pycparser-2.14-1.el7.noarch               16/22
  Verifying  : libyaml-0.1.4-11.el7_0.x86_64                    17/22
  Verifying  : python-ipaddress-1.0.16-2.el7.noarch             18/22
  Verifying  : sshpass-1.06-2.el7.x86_64                        19/22
  Verifying  : python2-pyasn1-0.1.9-7.el7.noarch                20/22
  Verifying  : PyYAML-3.10-11.el7.x86_64                        21/22
  Verifying  : python2-cryptography-1.7.2-2.el7.x86_64          22/22

Installed:
  ansible.noarch 0:2.9.27-1.el7

Dependency Installed:
  PyYAML.x86_64 0:3.10-11.el7
  libyaml.x86_64 0:0.1.4-11.el7_0
  python-babel.noarch 0:0.9.6-8.el7
  python-backports.x86_64 0:1.0-8.el7
  python-backports-ssl_match_hostname.noarch 0:3.5.0.1-1.el7
  python-cffi.x86_64 0:1.6.0-5.el7
  python-enum34.noarch 0:1.0.4-1.el7
  python-idna.noarch 0:2.4-1.el7
  python-ipaddress.noarch 0:1.0.16-2.el7
  python-jinja2.noarch 0:2.7.2-4.el7
  python-markupsafe.x86_64 0:0.11-10.el7
  python-paramiko.noarch 0:2.1.1-9.el7
  python-ply.noarch 0:3.4-11.el7
  python-pycparser.noarch 0:2.14-1.el7
  python-setuptools.noarch 0:0.9.8-7.el7
  python-six.noarch 0:1.9.0-2.el7
  python2-cryptography.x86_64 0:1.7.2-2.el7
  python2-httplib2.noarch 0:0.18.1-3.el7
  python2-jmespath.noarch 0:0.9.4-2.el7
  python2-pyasn1.noarch 0:0.1.9-7.el7
  sshpass.x86_64 0:1.06-2.el7

Complete!
[vagrant@localhost ~]$ \sudo yum install ncdu
Loaded plugins: fastestmirror
Loading mirror speeds from cached hostfile
 * base: centos1.hti.pl
 * epel: fastmirror.pp.ua
 * extras: centos1.hti.pl
 * updates: centos1.hti.pl
Resolving Dependencies
--> Running transaction check
---> Package ncdu.x86_64 0:1.18-1.el7 will be installed
--> Finished Dependency Resolution

Dependencies Resolved

======================================================================
 Package      Arch           Version               Repository    Size
======================================================================
Installing:
 ncdu         x86_64         1.18-1.el7            epel          57 k

Transaction Summary
======================================================================
Install  1 Package

Total download size: 57 k
Installed size: 95 k
Is this ok [y/d/N]: y
Downloading packages:
ncdu-1.18-1.el7.x86_64.rpm                       |  57 kB   00:00
Running transaction check
Running transaction test
Transaction test succeeded
Running transaction
  Installing : ncdu-1.18-1.el7.x86_64                             1/1
  Verifying  : ncdu-1.18-1.el7.x86_64                             1/1

Installed:
  ncdu.x86_64 0:1.18-1.el7

Complete!
[vagrant@localhost ~]$ \sudo yum install httpd
Loaded plugins: fastestmirror
Loading mirror speeds from cached hostfile
 * base: centos1.hti.pl
 * epel: fastmirror.pp.ua
 * extras: centos1.hti.pl
 * updates: centos1.hti.pl
Resolving Dependencies
--> Running transaction check
---> Package httpd.x86_64 0:2.4.6-99.el7.centos.1 will be installed
--> Processing Dependency: httpd-tools = 2.4.6-99.el7.centos.1 for package: httpd-2.4.6-99.el7.centos.1.x86_64
--> Processing Dependency: system-logos >= 7.92.1-1 for package: httpd-2.4.6-99.el7.centos.1.x86_64
--> Processing Dependency: /etc/mime.types for package: httpd-2.4.6-99.el7.centos.1.x86_64
--> Processing Dependency: libaprutil-1.so.0()(64bit) for package: httpd-2.4.6-99.el7.centos.1.x86_64
--> Processing Dependency: libapr-1.so.0()(64bit) for package: httpd-2.4.6-99.el7.centos.1.x86_64
--> Running transaction check
---> Package apr.x86_64 0:1.4.8-7.el7 will be installed
---> Package apr-util.x86_64 0:1.5.2-6.el7_9.1 will be installed
---> Package centos-logos.noarch 0:70.0.6-3.el7.centos will be installed
---> Package httpd-tools.x86_64 0:2.4.6-99.el7.centos.1 will be installed
---> Package mailcap.noarch 0:2.1.41-2.el7 will be installed
--> Finished Dependency Resolution

Dependencies Resolved

======================================================================
 Package         Arch      Version                   Repository  Size
======================================================================
Installing:
 httpd           x86_64    2.4.6-99.el7.centos.1     updates    2.7 M
Installing for dependencies:
 apr             x86_64    1.4.8-7.el7               base       104 k
 apr-util        x86_64    1.5.2-6.el7_9.1           updates     92 k
 centos-logos    noarch    70.0.6-3.el7.centos       base        21 M
 httpd-tools     x86_64    2.4.6-99.el7.centos.1     updates     94 k
 mailcap         noarch    2.1.41-2.el7              base        31 k

Transaction Summary
======================================================================
Install  1 Package (+5 Dependent packages)

Total download size: 24 M
Installed size: 32 M
Is this ok [y/d/N]: y
Downloading packages:
(1/6): apr-util-1.5.2-6.el7_9.1.x86_64.rpm       |  92 kB   00:00
(2/6): httpd-tools-2.4.6-99.el7.centos.1.x86_64. |  94 kB   00:00
(3/6): mailcap-2.1.41-2.el7.noarch.rpm           |  31 kB   00:00
(4/6): httpd-2.4.6-99.el7.centos.1.x86_64.rpm    | 2.7 MB   00:01
(5/6): apr-1.4.8-7.el7.x86_64.rpm                | 104 kB   00:05
(6/6): centos-logos-70.0.6-3.el7.centos.noarch.r |  21 MB   00:12
----------------------------------------------------------------------
Total                                    2.0 MB/s |  24 MB  00:12
Running transaction check
Running transaction test
Transaction test succeeded
Running transaction
  Installing : apr-1.4.8-7.el7.x86_64                             1/6
  Installing : apr-util-1.5.2-6.el7_9.1.x86_64                    2/6
  Installing : httpd-tools-2.4.6-99.el7.centos.1.x86_64           3/6
  Installing : centos-logos-70.0.6-3.el7.centos.noarch            4/6
  Installing : mailcap-2.1.41-2.el7.noarch                        5/6
  Installing : httpd-2.4.6-99.el7.centos.1.x86_64                 6/6
  Verifying  : httpd-tools-2.4.6-99.el7.centos.1.x86_64           1/6
  Verifying  : mailcap-2.1.41-2.el7.noarch                        2/6
  Verifying  : apr-1.4.8-7.el7.x86_64                             3/6
  Verifying  : httpd-2.4.6-99.el7.centos.1.x86_64                 4/6
  Verifying  : apr-util-1.5.2-6.el7_9.1.x86_64                    5/6
  Verifying  : centos-logos-70.0.6-3.el7.centos.noarch            6/6

Installed:
  httpd.x86_64 0:2.4.6-99.el7.centos.1

Dependency Installed:
  apr.x86_64 0:1.4.8-7.el7
  apr-util.x86_64 0:1.5.2-6.el7_9.1
  centos-logos.noarch 0:70.0.6-3.el7.centos
  httpd-tools.x86_64 0:2.4.6-99.el7.centos.1
  mailcap.noarch 0:2.1.41-2.el7

Complete!
[vagrant@localhost ~]$ ps aux
USER       PID %CPU %MEM    VSZ   RSS TTY      STAT START   TIME COMMAND
root         1  0.0  1.2 128136  6408 ?        Ss   20:05   0:01 /usr/
root         2  0.0  0.0      0     0 ?        S    20:05   0:00 [kthr
root         4  0.0  0.0      0     0 ?        S<   20:05   0:00 [kwor
root         5  0.0  0.0      0     0 ?        S    20:05   0:00 [kwor
root         6  0.0  0.0      0     0 ?        S    20:05   0:00 [ksof
root         7  0.0  0.0      0     0 ?        S    20:05   0:00 [migr
root         8  0.0  0.0      0     0 ?        S    20:05   0:00 [rcu_
root         9  0.0  0.0      0     0 ?        R    20:05   0:00 [rcu_
root        10  0.0  0.0      0     0 ?        S<   20:05   0:00 [lru-
root        11  0.0  0.0      0     0 ?        S    20:05   0:00 [watc
root        13  0.0  0.0      0     0 ?        S    20:05   0:00 [kdev
root        14  0.0  0.0      0     0 ?        S<   20:05   0:00 [netn
root        15  0.0  0.0      0     0 ?        S    20:05   0:00 [khun
root        16  0.0  0.0      0     0 ?        S<   20:05   0:00 [writ
root        17  0.0  0.0      0     0 ?        S<   20:05   0:00 [kint
root        18  0.0  0.0      0     0 ?        S<   20:05   0:00 [bios
root        19  0.0  0.0      0     0 ?        S<   20:05   0:00 [bios
root        20  0.0  0.0      0     0 ?        S<   20:05   0:00 [bios
root        21  0.0  0.0      0     0 ?        S<   20:05   0:00 [kblo
root        22  0.0  0.0      0     0 ?        S<   20:05   0:00 [md]
root        23  0.0  0.0      0     0 ?        S<   20:05   0:00 [edac
root        24  0.0  0.0      0     0 ?        S<   20:05   0:00 [watc
root        26  0.0  0.0      0     0 ?        S    20:05   0:00 [kwor
root        33  0.0  0.0      0     0 ?        S    20:05   0:00 [kswa
root        34  0.0  0.0      0     0 ?        SN   20:05   0:00 [ksmd
root        35  0.0  0.0      0     0 ?        S<   20:05   0:00 [cryp
root        43  0.0  0.0      0     0 ?        S<   20:05   0:00 [kthr
root        44  0.0  0.0      0     0 ?        S<   20:05   0:00 [kmpa
root        45  0.0  0.0      0     0 ?        S<   20:05   0:00 [kalu
root        46  0.0  0.0      0     0 ?        S<   20:05   0:00 [kpsm
root        47  0.0  0.0      0     0 ?        S<   20:05   0:00 [ipv6
root        61  0.0  0.0      0     0 ?        S<   20:05   0:00 [defe
root        96  0.0  0.0      0     0 ?        S    20:05   0:00 [kaud
root       133  0.0  0.0      0     0 ?        S<   20:05   0:00 [ata_
root       136  0.0  0.0      0     0 ?        S    20:05   0:00 [scsi
root       137  0.0  0.0      0     0 ?        S<   20:05   0:00 [scsi
root       138  0.0  0.0      0     0 ?        S    20:05   0:00 [scsi
root       139  0.0  0.0      0     0 ?        S<   20:05   0:00 [scsi
root       156  0.0  0.0      0     0 ?        S<   20:05   0:00 [bios
root       157  0.0  0.0      0     0 ?        S<   20:05   0:00 [xfsa
root       158  0.0  0.0      0     0 ?        S<   20:05   0:00 [xfs_
root       159  0.0  0.0      0     0 ?        S<   20:05   0:00 [xfs-
root       160  0.0  0.0      0     0 ?        S<   20:05   0:00 [xfs-
root       161  0.0  0.0      0     0 ?        S<   20:05   0:00 [xfs-
root       162  0.0  0.0      0     0 ?        S<   20:05   0:00 [xfs-
root       163  0.0  0.0      0     0 ?        S<   20:05   0:00 [xfs-
root       164  0.0  0.0      0     0 ?        S<   20:05   0:00 [xfs-
root       165  0.0  0.0      0     0 ?        S<   20:05   0:00 [xfs-
root       166  0.0  0.0      0     0 ?        S    20:05   0:00 [xfsa
root       167  0.0  0.0      0     0 ?        S<   20:05   0:00 [kwor
root       229  0.0  0.4  34984  2276 ?        Ss   20:05   0:00 /usr/
root       261  0.0  0.8  47624  4308 ?        Ss   20:05   0:00 /usr/
root       292  0.0  0.1  55532   820 ?        S<sl 20:05   0:00 /sbin
root       312  0.0  0.0      0     0 ?        S<   20:05   0:00 [rpci
root       316  0.0  0.0      0     0 ?        S<   20:05   0:00 [xprt
polkitd    366  0.0  1.1 612248  5684 ?        Ssl  20:05   0:00 /usr/
dbus       367  0.0  0.4  66472  2312 ?        Ssl  20:05   0:00 /usr/
rpc        372  0.0  0.1  69280   972 ?        Ss   20:05   0:00 /sbin
root       376  0.0  1.1 599420  5920 ?        Ssl  20:05   0:00 /usr/
root       381  0.0  0.3  26380  1656 ?        Ss   20:05   0:00 /usr/
chrony     387  0.0  0.3 117808  1652 ?        S    20:05   0:00 /usr/
root       388  0.0  0.2  94924  1052 ?        Ssl  20:05   0:00 /usr/
root       403  0.0  0.1   9924   812 tty1     Ss+  20:05   0:00 /sbin
root       404  0.0  0.3  26108  1636 ?        Ss   20:05   0:00 /usr/
root       573  0.0  0.9 102904  4576 ?        S    20:05   0:00 /sbin
root       622  0.0  0.8 112924  4344 ?        Ss   20:05   0:00 /usr/
root       625  0.0  3.2 474024 16388 ?        Ssl  20:05   0:00 /usr/
root       631  0.0  0.9 212328  4500 ?        Ssl  20:05   0:00 /usr/
root       820  0.0  0.4  89704  2060 ?        Ss   20:05   0:00 /usr/
postfix    832  0.0  0.6  89808  3488 ?        S    20:05   0:00 picku
postfix    833  0.0  0.7  89876  3504 ?        S    20:05   0:00 qmgr
root      1825  0.0  0.0      0     0 ?        S    20:10   0:00 [kwor
root      1832  0.0  1.1 154716  5528 ?        Ss   20:17   0:00 sshd:
vagrant   1835  0.0  0.5 155028  2592 ?        S    20:17   0:00 sshd:
vagrant   1836  0.0  0.5  15792  2596 pts/0    Ss   20:17   0:00 -bash
root      2053  0.0  0.0      0     0 ?        S    20:21   0:00 [kwor
root      2341  0.0  0.0      0     0 ?        R    20:27   0:00 [kwor
vagrant   2342  0.0  0.3  55192  1864 pts/0    R+   20:30   0:00 ps au
[vagrant@localhost ~]$ ps u
USER       PID %CPU %MEM    VSZ   RSS TTY      STAT START   TIME COMMAND
vagrant   1836  0.0  0.5  15792  2600 pts/0    Ss   20:17   0:00 -bash
vagrant   2343  0.0  0.3  55192  1852 pts/0    R+   20:33   0:00 ps u
[vagrant@localhost ~]$ ps aux | grep httpd
[vagrant@localhost ~]$ ps aux | grep mc
vagrant   2347  0.0  0.1  12528   968 pts/0    R+   20:34   0:00 grep --color=auto mc
[vagrant@localhost ~]$ ps aux | grep sudo systemctl start httpd
grep: systemctl: No such file or directory
grep: start: No such file or directory
grep: httpd: No such file or directory
[vagrant@localhost ~]$ sudo systemctl start httpd
[vagrant@localhost ~]$ sudo service httpd start
Redirecting to /bin/systemctl start httpd.service
[vagrant@localhost ~]$ sudo service httpd status
Redirecting to /bin/systemctl status httpd.service
● httpd.service - The Apache HTTP Server
   Loaded: loaded (/usr/lib/systemd/system/httpd.service; disabled; vendor preset: disabled)
   Active: active (running) since Sun 2023-08-13 20:38:15 UTC; 1min 59s ago
     Docs: man:httpd(8)
           man:apachectl(8)
 Main PID: 2358 (httpd)
   Status: "Total requests: 0; Current requests/sec: 0; Current traffic:   0 B/sec"
   CGroup: /system.slice/httpd.service
           ├─2358 /usr/sbin/httpd -DFOREGROUND
           ├─2359 /usr/sbin/httpd -DFOREGROUND
           ├─2360 /usr/sbin/httpd -DFOREGROUND
           ├─2361 /usr/sbin/httpd -DFOREGROUND
           ├─2362 /usr/sbin/httpd -DFOREGROUND
           └─2363 /usr/sbin/httpd -DFOREGROUND

Aug 13 20:38:15 localhost.localdomain systemd[1]: Starting The Apache HTTP ...
Aug 13 20:38:15 localhost.localdomain httpd[2358]: AH00558: httpd: Could no...
Aug 13 20:38:15 localhost.localdomain systemd[1]: Started The Apache HTTP S...
Hint: Some lines were ellipsized, use -l to show in full.
[vagrant@localhost ~]$ sudo cat /etc/httpd/conf/httpd.conf | grep Listen
# Listen: Allows you to bind Apache to specific IP addresses and/or
# Change this to Listen on specific IP addresses as shown below to
#Listen 12.34.56.78:80
Listen 80
[vagrant@localhost ~]$ sudo firewall-cmd --add-service=http --permanent
FirewallD is not running
[vagrant@localhost ~]$ sudo firewall-cmd --reload
FirewallD is not running
[vagrant@localhost ~]$ sudo service httpd status
Redirecting to /bin/systemctl status httpd.service
● httpd.service - The Apache HTTP Server
   Loaded: loaded (/usr/lib/systemd/system/httpd.service; disabled; vendor preset: disabled)
   Active: active (running) since Sun 2023-08-13 20:38:15 UTC; 4min 47s ago
     Docs: man:httpd(8)
           man:apachectl(8)
 Main PID: 2358 (httpd)
   Status: "Total requests: 0; Current requests/sec: 0; Current traffic:   0 B/sec"
   CGroup: /system.slice/httpd.service
           ├─2358 /usr/sbin/httpd -DFOREGROUND
           ├─2359 /usr/sbin/httpd -DFOREGROUND
           ├─2360 /usr/sbin/httpd -DFOREGROUND
           ├─2361 /usr/sbin/httpd -DFOREGROUND
           ├─2362 /usr/sbin/httpd -DFOREGROUND
           └─2363 /usr/sbin/httpd -DFOREGROUND

Aug 13 20:38:15 localhost.localdomain systemd[1]: Starting The Apache HTTP ...
Aug 13 20:38:15 localhost.localdomain httpd[2358]: AH00558: httpd: Could no...
Aug 13 20:38:15 localhost.localdomain systemd[1]: Started The Apache HTTP S...
Hint: Some lines were ellipsized, use -l to show in full.
[vagrant@localhost ~]$ sudo cat /etc/httpd/conf/httpd.conf | grep Listen
# Listen: Allows you to bind Apache to specific IP addresses and/or
# Change this to Listen on specific IP addresses as shown below to
#Listen 12.34.56.78:80
Listen 80
[vagrant@localhost ~]$ sudo cat /etc/httpd/conf/httpd.conf | grep Listen
# Listen: Allows you to bind Apache to specific IP addresses and/or
# Change this to Listen on specific IP addresses as shown below to
#Listen 12.34.56.78:80
Listen 80
[vagrant@localhost ~]$ sudo iptables -A INPUT -p tcp --dport 80 -j ACCEPT
[vagrant@localhost ~]$ sudo service iptables save
The service command supports only basic LSB actions (start, stop, restart, try-restart, reload, force-reload, status). For other actions, please try to use systemctl.
[vagrant@localhost ~]$ exit
logout

User@DESKTOP-58PH2EF MINGW64 /d/study devops/1.4
$ vagrant halt
==> default: Attempting graceful shutdown of VM...

User@DESKTOP-58PH2EF MINGW64 /d/study devops/1.4
$ vagrant up
Bringing machine 'default' up with 'virtualbox' provider...
==> default: Checking if box 'centos/7' version '2004.01' is up to date...
==> default: Clearing any previously set forwarded ports...
==> default: Clearing any previously set network interfaces...
==> default: Preparing network interfaces based on configuration...
    default: Adapter 1: nat
==> default: Forwarding ports...
    default: 22 (guest) => 2222 (host) (adapter 1)
==> default: Booting VM...
==> default: Waiting for machine to boot. This may take a few minutes...
    default: SSH address: 127.0.0.1:2222
    default: SSH username: vagrant
    default: SSH auth method: private key
==> default: Machine booted and ready!
==> default: Checking for guest additions in VM...
    default: No guest additions were detected on the base box for this VM! Guest
    default: additions are required for forwarded ports, shared folders, host only
    default: networking, and more. If SSH fails on this machine, please install
    default: the guest additions and repackage the box to continue.
    default:
    default: This is not an error message; everything may continue to work properly,
    default: in which case you may ignore this message.
==> default: Rsyncing folder: /cygdrive/d/study devops/1.4/ => /vagrant
==> default: Machine already provisioned. Run `vagrant provision` or use the `--provision`
==> default: flag to force provisioning. Provisioners marked to run always will still run.

User@DESKTOP-58PH2EF MINGW64 /d/study devops/1.4
$ vagrant ssh
Last login: Sun Aug 13 20:17:25 2023 from 10.0.2.2
[vagrant@localhost ~]$ sudo service httpd status
Redirecting to /bin/systemctl status httpd.service
● httpd.service - The Apache HTTP Server
   Loaded: loaded (/usr/lib/systemd/system/httpd.service; disabled; vendor preset: disabled)
   Active: inactive (dead)
     Docs: man:httpd(8)
           man:apachectl(8)
[vagrant@localhost ~]$ sudo service httpd start
Redirecting to /bin/systemctl start httpd.service
[vagrant@localhost ~]$ sudo service httpd status
Redirecting to /bin/systemctl status httpd.service
● httpd.service - The Apache HTTP Server
   Loaded: loaded (/usr/lib/systemd/system/httpd.service; disabled; vendor preset: disabled)
   Active: active (running) since Sun 2023-08-13 20:56:29 UTC; 2s ago
     Docs: man:httpd(8)
           man:apachectl(8)
 Main PID: 1823 (httpd)
   Status: "Processing requests..."
   CGroup: /system.slice/httpd.service
           ├─1823 /usr/sbin/httpd -DFOREGROUND
           ├─1824 /usr/sbin/httpd -DFOREGROUND
           ├─1825 /usr/sbin/httpd -DFOREGROUND
           ├─1826 /usr/sbin/httpd -DFOREGROUND
           ├─1827 /usr/sbin/httpd -DFOREGROUND
           └─1828 /usr/sbin/httpd -DFOREGROUND

Aug 13 20:56:29 localhost.localdomain systemd[1]: Starting The Apache HTTP ...
Aug 13 20:56:29 localhost.localdomain httpd[1823]: AH00558: httpd: Could no...
Aug 13 20:56:29 localhost.localdomain systemd[1]: Started The Apache HTTP S...
Hint: Some lines were ellipsized, use -l to show in full.
[vagrant@localhost ~]$ sudo chkconfig httpd on
Note: Forwarding request to 'systemctl enable httpd.service'.
Created symlink from /etc/systemd/system/multi-user.target.wants/httpd.service to /usr/lib/systemd/system/httpd.service.
[vagrant@localhost ~]$ sudo chkconfig --list httpd

Note: This output shows SysV services only and does not include native
      systemd services. SysV configuration data might be overridden by native
      systemd configuration.

      If you want to list systemd services use 'systemctl list-unit-files'.
      To see services enabled on particular target use
      'systemctl list-dependencies [target]'.

error reading information on service httpd: No such file or directory
[vagrant@localhost ~]$ sudo systemctl enable httpd
[vagrant@localhost ~]$ sudo systemctl is-enabled httpd
enabled
[vagrant@localhost ~]$ stress --version
-bash: stress: command not found
[vagrant@localhost ~]$ exit
logout

User@DESKTOP-58PH2EF MINGW64 /d/study devops/1.4
$ stress --version
bash: stress: command not found

User@DESKTOP-58PH2EF MINGW64 /d/study devops/1.4
$ vagrant ssh
Last login: Sun Aug 13 20:55:42 2023 from 10.0.2.2
[vagrant@localhost ~]$ sudo yum install stress
Loaded plugins: fastestmirror
Loading mirror speeds from cached hostfile
 * base: centos1.hti.pl
 * epel: fastmirror.pp.ua
 * extras: centos1.hti.pl
 * updates: centos1.hti.pl
Resolving Dependencies
--> Running transaction check
---> Package stress.x86_64 0:1.0.4-16.el7 will be installed
--> Finished Dependency Resolution

Dependencies Resolved

==============================================================================
 Package         Arch            Version                  Repository     Size
==============================================================================
Installing:
 stress          x86_64          1.0.4-16.el7             epel           39 k

Transaction Summary
==============================================================================
Install  1 Package

Total download size: 39 k
Installed size: 94 k
Is this ok [y/d/N]: y
Downloading packages:
stress-1.0.4-16.el7.x86_64.rpm                           |  39 kB   00:00
Running transaction check
Running transaction test
Transaction test succeeded
Running transaction
  Installing : stress-1.0.4-16.el7.x86_64                                 1/1
  Verifying  : stress-1.0.4-16.el7.x86_64                                 1/1

Installed:
  stress.x86_64 0:1.0.4-16.el7

Complete!
[vagrant@localhost ~]$ exit
logout

User@DESKTOP-58PH2EF MINGW64 /d/study devops/1.4
$ stress --version
bash: stress: command not found

User@DESKTOP-58PH2EF MINGW64 /d/study devops/1.4
$ vagrant ssh
Last login: Sun Aug 13 21:02:09 2023 from 10.0.2.2
[vagrant@localhost ~]$ stress --version
stress 1.0.4
[vagrant@localhost ~]$ stress --cpu 2
-bash: $'\302\224\302\224\302\224stress': command not found
[vagrant@localhost ~]$ exit
logout

User@DESKTOP-58PH2EF MINGW64 /d/study devops/1.4
$ stress --cpu 1
bash: stress: command not found

User@DESKTOP-58PH2EF MINGW64 /d/study devops/1.4
$ vagrant ssh
Last login: Sun Aug 13 21:02:49 2023 from 10.0.2.2
[vagrant@localhost ~]$ stress --cpu 1
-bash: $'\302\224\302\224\302\224stress': command not found


User@DESKTOP-58PH2EF MINGW64 /d/study devops/1.4
$



User@DESKTOP-58PH2EF MINGW64 /d/study devops/1.4
$ top
bash: top: command not found

User@DESKTOP-58PH2EF MINGW64 /d/study devops/1.4
$ vagrant ssh
Last login: Sun Aug 13 21:06:07 2023 from 10.0.2.2
[vagrant@localhost ~top
top - 21:12:11 up 24 min,  2 users,  load average: 0.00, 0.01, 0.01
Tasks:  88 total,   1 running,  87 sleeping,   0 stopped,   0 zombie
%Cpu(s):  0.0 us,  0.0 sy,  0.0 ni,100.0 id,  0.0 wa,  0.0 hi,  0.0 si,  0.0 s
KiB Mem :   498684 total,   176504 free,    94584 used,   227596 buff/cache
KiB Swap:  2097148 total,  2097148 free,        0 used.   386276 avail Mem

  PID USER      PR  NI    VIRT    RES    SHR S %CPU %MEM     TIME+ COMMAND
    1 root      20   0  128140   6744   4176 S  0.0  1.4   0:01.37 systemd
    2 root      20   0       0      0      0 S  0.0  0.0   0:00.00 kthreadd
    4 root       0 -20       0      0      0 S  0.0  0.0   0:00.00 kworker/0+
    5 root      20   0       0      0      0 S  0.0  0.0   0:00.00 kworker/u+
    6 root      20   0       0      0      0 S  0.0  0.0   0:00.05 ksoftirqd+
    7 root      rt   0       0      0      0 S  0.0  0.0   0:00.00 migration+
    8 root      20   0       0      0      0 S  0.0  0.0   0:00.00 rcu_bh
    9 root      20   0       0      0      0 S  0.0  0.0   0:00.18 rcu_sched
   10 root       0 -20       0      0      0 S  0.0  0.0   0:00.00 lru-add-d+
   11 root      rt   0       0      0      0 S  0.0  0.0   0:00.00 watchdog/0
   13 root      20   0       0      0      0 S  0.0  0.0   0:00.00 kdevtmpfs
   14 root       0 -20       0      0      0 S  0.0  0.0   0:00.00 netns
   15 root      20   0       0      0      0 S  0.0  0.0   0:00.00 khungtaskd
   16 root       0 -20       0      0      0 S  0.0  0.0   0:00.00 writeback
   17 root       0 -20       0      0      0 S  0.0  0.0   0:00.00 kintegrit+
   18 root       0 -20       0      0      0 S  0.0  0.0   0:00.00 bioset
   19 root       0 -20       0      0      0 S  0.0  0.0   0:00.00 bioset
   20 root       0 -20       0      0      0 S  0.0  0.0   0:00.00 bioset
   21 root       0 -20       0      0      0 S  0.0  0.0   0:00.00 kblockd
   22 root       0 -20       0      0      0 S  0.0  0.0   0:00.00 md
   23 root       0 -20       0      0      0 S  0.0  0.0   0:00.00 edac-poll+
   24 root       0 -20       0      0      0 S  0.0  0.0   0:00.00 watchdogd
   26 root      20   0       0      0      0 S  0.0  0.0   0:00.02 kworker/u+
   33 root      20   0       0      0      0 S  0.0  0.0   0:00.00 kswapd0
   34 root      25   5       0      0      0 S  0.0  0.0   0:00.00 ksmd
   35 root       0 -20       0      0      0 S  0.0  0.0   0:00.00 crypto
   43 root       0 -20       0      0      0 S  0.0  0.0   0:00.00 kthrotld
   44 root       0 -20       0      0      0 S  0.0  0.0   0:00.00 kmpath_rd+
   45 root       0 -20       0      0      0 S  0.0  0.0   0:00.00 kaluad
   46 root       0 -20       0      0      0 S  0.0  0.0   0:00.00 kpsmoused
   47 root       0 -20       0      0      0 S  0.0  0.0   0:00.00 ipv6_addr+
   61 root       0 -20       0      0      0 S  0.0  0.0   0:00.00 deferwq
   96 root      20   0       0      0      0 S  0.0  0.0   0:00.00 kauditd
  130 root       0 -20       0      0      0 S  0.0  0.0   0:00.00 ata_sff
  133 root      20   0       0      0      0 S  0.0  0.0   0:00.00 scsi_eh_0
  135 root       0 -20       0      0      0 S  0.0  0.0   0:00.00 scsi_tmf_0
  136 root      20   0       0      0      0 S  0.0  0.0   0:00.01 scsi_eh_1
  138 root       0 -20       0      0      0 S  0.0  0.0   0:00.00 scsi_tmf_1
  156 root       0 -20       0      0      0 S  0.0  0.0   0:00.00 bioset
  157 root       0 -20       0      0      0 S  0.0  0.0   0:00.00 xfsalloc
  158 root       0 -20       0      0      0 S  0.0  0.0   0:00.00 xfs_mru_c+
  159 root       0 -20       0      0      0 S  0.0  0.0   0:00.00 xfs-buf/s+
  160 root       0 -20       0      0      0 S  0.0  0.0   0:00.00 xfs-data/+
  161 root       0 -20       0      0      0 S  0.0  0.0   0:00.00 xfs-conv/+
  162 root       0 -20       0      0      0 S  0.0  0.0   0:00.00 xfs-cil/s+
  163 root       0 -20       0      0      0 S  0.0  0.0   0:00.00 xfs-recla+
  164 root       0 -20       0      0      0 S  0.0  0.0   0:00.00 xfs-log/s+
  165 root       0 -20       0      0      0 S  0.0  0.0   0:00.00 xfs-eofbl+
  166 root      20   0       0      0      0 S  0.0  0.0   0:00.12 xfsaild/s+
  167 root       0 -20       0      0      0 S  0.0  0.0   0:00.01 kworker/0+

User@DESKTOP-58PH2EF MINGW64 /d/study devops/1.4
$ vagrant ssh
Last login: Sun Aug 13 21:07:38 2023 from 10.0.2.2
\[vagrant@localhost ~]$ \ps aux | grep top
vagrant   2077  0.0  0.4  61844  2224 pts/1    S+   21:07   0:00 top
vagrant   2106  0.0  0.1  12528   964 pts/2    R+   21:20   0:00 grep --color=auto top
[vagrant@localhost ~]$

User@DESKTOP-58PH2EF MINGW64 /d/study devops/1.4
$ kill -SIGINT 2077
bash: kill: (2077) - No such process

User@DESKTOP-58PH2EF MINGW64 /d/study devops/1.4
$ kill -SIGINT top
bash: kill: top: arguments must be process or job IDs

User@DESKTOP-58PH2EF MINGW64 /d/study devops/1.4
$ vagrant ssh
Last login: Sun Aug 13 21:20:02 2023 from 10.0.2.2
[vagrant@localhost ~]$ pgrep top
2077
[vagrant@localhost ~]$ kill -9 <PID>
-bash: syntax error near unexpected token `newline'
[vagrant@localhost ~]$ kill -9 <2077>
-bash: syntax error near unexpected token `2077'
[vagrant@localhost ~]$

User@DESKTOP-58PH2EF MINGW64 /d/study devops/1.4
$ vagrant ssh
Last login: Sun Aug 13 21:24:26 2023 from 10.0.2.2
[vagrant@localhost ~]$ kill -SIGTERM 1234
-bash: kill: (1234) - No such process
[vagrant@localhost ~]$ kill -SIGTERM 142
-bash: kill: (142) - No such process
[vagrant@localhost ~]$ kill -SIGTERM 1482
-bash: kill: (1482) - No such process
[vagrant@localhost ~]$ kill -SIGTERM 16312
-bash: kill: (16312) - No such process
[vagrant@localhost ~]$ kill -SIGTERM 277
-bash: kill: (277) - No such process
[vagrant@localhost ~]$
